Irregular functional data object with 4 observations of 1 - dimensional support
argvals:
	Values in 1 ... 5.
X:
	Values in 1 ... 20.
Total:
	20 observations on 5 different x-values (5 - 5 per observation).