Irregular functional data with 3 observations of 1-dimensional support
argvals:
	Values in 1 ... 5.
X:
	Values in -3 ... 5.
Total:
	11 observations on 5 different argvals (3 - 5 per observation).
